﻿
> un-sustainability-goals@0.0.0 build
> vite build

[36mvite v8.0.9 [32mbuilding client environment for production...[36m[39m
[2K
node.exe : <script src="js/components.js"> in "/insights.html" can't be bundled without type="module" attribute
At line:1 char:1
+ & "C:\Program Files\nodejs/node.exe" "C:\Program Files\nodejs/node_mo ...
+ ~~~~~~~~~~~~~~~~~~~~~~~~~~~~~~~~~~~~~~~~~~~~~~~~~~~~~~~~~~~~~~~~~~~~~
    + CategoryInfo          : NotSpecified: (<script src="js...dule" attribute:String) [], RemoteException
    + FullyQualifiedErrorId : NativeCommandError
 
<script src="js/main.js"> in "/insights.html" can't be bundled without type="module" attribute
<script src="script8.js"> in "/sdg-8/index.html" can't be bundled without type="module" attribute
<script src="script.js"> in "/sdg.html" can't be bundled without type="module" attribute
<script src="script.js"> in "/official.html" can't be bundled without type="module" attribute
<script src="script.js"> in "/sdg-1/index.html" can't be bundled without type="module" attribute
<script src="script.js"> in "/sdg-11/index.html" can't be bundled without type="module" attribute
<script src="./script.js"> in "/sdg-6/index.html" can't be bundled without type="module" attribute
<script src="script.js"> in "/sdg-5/index.html" can't be bundled without type="module" attribute
<script src="script.js"> in "/sdg-12/index.html" can't be bundled without type="module" attribute
<script src="script.js"> in "/sdg-15/index.html" can't be bundled without type="module" attribute
<script src="js/components.js"> in "/progress.html" can't be bundled without type="module" attribute
<script src="js/main.js"> in "/progress.html" can't be bundled without type="module" attribute
<script src="script.js"> in "/sdg-14/index.html" can't be bundled without type="module" attribute
<script src="script9.js"> in "/sdg-9/index.html" can't be bundled without type="module" attribute
<script src="script7.js"> in "/sdg-7/index.html" can't be bundled without type="module" attribute
<script src="js/components.js"> in "/calculator.html" can't be bundled without type="module" attribute
<script src="js/main.js"> in "/calculator.html" can't be bundled without type="module" attribute
<script src="js/calculator.js"> in "/calculator.html" can't be bundled without type="module" attribute
[33m
Unable to parse HTML; parse5 error code invalid-first-character-of-tag-name
 at C:/Users/ASUS/OneDrive/FEE - 1/NAS_final/17_sdgs/calculator.html:101:83
99  |                          <div class="form-group row-group">
100 |                              <div class="col">
101 |                                  <label for="flightsShort">Short-haul flights/yr (< 3 hours)</label>
    |                                                                                     ^
102 |                                  <input type="number" id="flightsShort" min="0" placeholder="e.g., 2" required>
103 |                              </div>[39m
<script src="script.js"> in "/sdg-16/index.html" can't be bundled without type="module" attribute
<script src="script.js"> in "/sdg-4/index.html" can't be bundled without type="module" attribute
<script src="js/components.js"> in "/sdg-13/index.html" can't be bundled without type="module" attribute
<script src="js/main.js"> in "/sdg-13/index.html" can't be bundled without type="module" attribute
<script src="script10.js"> in "/sdg-10/index.html" can't be bundled without type="module" attribute
<script src="js/components.js"> in "/projects.html" can't be bundled without type="module" attribute
<script src="js/main.js"> in "/projects.html" can't be bundled without type="module" attribute
<script src="js/projects.js"> in "/projects.html" can't be bundled without type="module" attribute
<script src="js/components.js"> in "/solutions.html" can't be bundled without type="module" attribute
<script src="js/main.js"> in "/solutions.html" can't be bundled without type="module" attribute
<script src="script.js"> in "/index.html" can't be bundled without type="module" attribute
<script src="live-stats.js"> in "/index.html" can't be bundled without type="module" attribute
<script src="script.js"> in "/sdg-2/index.html" can't be bundled without type="module" attribute
<script src="script.js"> in "/sdg-17/index.html" can't be bundled without type="module" attribute
<script src="script.js"> in "/sdg-3/index.html" can't be bundled without type="module" attribute
transforming...Γ£ô 100 modules transformed.
rendering chunks...
[31mΓ£ù[39m Build failed in 529ms
[31merror during build:
[31mBuild failed with 1 error:

[plugin vite:css-post]
SyntaxError: [lightningcss minify] Invalid empty selector
139 |  100% { transform: rotate(360deg) }
140 |  }
141 |  ; .reveal { opacity: 0; transform: translateY(30px); transition: all 0.8s ease-out; }
    |  ^
142 |  .reveal.active { opacity: 1; transform: translateY(0); }
143 |  .back-to-top { position: fixed; bottom: 30px; right: 30px; width: 40px; height: 40px; border-radius: 50%; 
background:...
    at Module.<anonymous> (C:\Users\ASUS\OneDrive\FEE - 
1\NAS_final\17_sdgs\node_modules\lightningcss\node\index.js:56:14)
    at minifyCSS 
(file:///C:/Users/ASUS/OneDrive/FEE%20-%201/NAS_final/17_sdgs/node_modules/vite/dist/node/chunks/node.js:21281:59)
    at async finalizeCss 
(file:///C:/Users/ASUS/OneDrive/FEE%20-%201/NAS_final/17_sdgs/node_modules/vite/dist/node/chunks/node.js:21127:36)[31m
    at aggregateBindingErrorsIntoJsError (file:///C:/Users/ASUS/OneDrive/FEE%20-%201/NAS_final/17_sdgs/node_modules/rol
ldown/dist/shared/error-DAA7ncC5.mjs:48:18)
    at unwrapBindingResult (file:///C:/Users/ASUS/OneDrive/FEE%20-%201/NAS_final/17_sdgs/node_modules/rolldown/dist/sha
red/error-DAA7ncC5.mjs:18:128)
    at #build (file:///C:/Users/ASUS/OneDrive/FEE%20-%201/NAS_final/17_sdgs/node_modules/rolldown/dist/shared/rolldown-
build-BPKCFYpX.mjs:3317:34)
    at async buildEnvironment 
(file:///C:/Users/ASUS/OneDrive/FEE%20-%201/NAS_final/17_sdgs/node_modules/vite/dist/node/chunks/node.js:32999:64)
    at async Object.build 
(file:///C:/Users/ASUS/OneDrive/FEE%20-%201/NAS_final/17_sdgs/node_modules/vite/dist/node/chunks/node.js:33421:19)
    at async Object.buildApp 
(file:///C:/Users/ASUS/OneDrive/FEE%20-%201/NAS_final/17_sdgs/node_modules/vite/dist/node/chunks/node.js:33418:153)
    at async CAC.<anonymous> 
(file:///C:/Users/ASUS/OneDrive/FEE%20-%201/NAS_final/17_sdgs/node_modules/vite/dist/node/cli.js:778:3) {
  errors: [Getter/Setter]
}[39m
